MAP

#
# Start of OGAM map file
#

NAME OGAM_MAPSERVER
STATUS ON
SIZE 600 400
SYMBOLSET "/vagrant/ogam/mapserver/data/fonts/symbols.sym" 
# EXTENT [xmin] [ymin] [xmax] [ymax]
EXTENT -2893330 3852395 3086670 8192395
UNITS meters
SHAPEPATH "/vagrant/ogam/mapserver/data/"
IMAGECOLOR 255 255 255
FONTSET "/vagrant/ogam/mapserver/data/fonts/fonts.txt"
CONFIG  "MS_ERRORFILE" "/vagrant/ogam/website/htdocs/logs/mapserver_ogam.log"
DEBUG 5

#
# Start of web interface definition
#
WEB
  TEMPLATE "template.html"
  LOG "/vagrant/ogam/website/htdocs/logs/mapserver_ogam.log"
  METADATA
    WFS_TITLE   					          "OGAM MapServer"  
    WFS_SRS                         "EPSG:3857"
    WFS_ABSTRACT                    "OGAM Data"  
    #WFS_MAXFEATURES                "30000"
    WFS_ONLINERESOURCE              "http://localhost/mapserv-ogam"
    WFS_GETFEATURE_FORMATLIST		    "geojsonogr,geojsontpl"
    WFS_ENCODING                    "UTF-8"
  	WMS_TITLE 						          "OGAM MapServer" 
  	WMS_ABSTRACT 					          "OGAM Mapserver"
  	WMS_ACCESSCONSTRAINTS 			    "none"
    WMS_ONLINERESOURCE              "http://localhost/mapserv-ogam"
    WMS_SRS                         "EPSG:3857"
    OWS_ENABLE_REQUEST              "*"
    WMS_ENABLE_REQUEST              "*"
    WMS_INCLUDE_ITEMS               "*"
    WMS_FEATURE_INFO_MIME_TYPE      "text/html"
    QUERYABLE                       "true"
    WCS_LABEL                       "OGAM MapServer"
		WCS_DESCRIPTION                 "OGAM MapServer"
		WCS_ONLINERESOURCE              "http://localhost/" 
		WCS_FEES                        "none"
		WCS_ACCESSCONSTRAINTS           "none"
		WCS_KEYWORDLIST                 "wcs,test"
		WCS_METADATALINK_TYPE           "TC211"
		WCS_METADATALINK_FORMAT         "text/plain"
  END
	VALIDATION
    # %SESSION_ID% must be 40 letters or digits
    'SESSION_ID'     '^[a-zA-Z0-9\-]+$'
    #%PROVIDER_ID% must be 2 digits
    'PROVIDER_ID'      '^[0-9]{1,2}$'
    #%PLOT_CODE% must be 16 letters or digits or dot or dash
    'PLOT_CODE'      '^[a-zA-Z0-9\.\-]{0,17}$'
    #%CYCLE% must be 1 digits
    'CYCLE'      '^[0-9]$'
    #%TREE_ID% must be of type integer
    'TREE_ID'      '^[0-9]+$'
  END
END

PROJECTION
  "init=epsg:3857"
END

SCALEBAR
	UNITS kilometers	
	INTERVALS 1
	SIZE 100 2
	LABEL
  		COLOR  0 0 0
  		OUTLINECOLOR 255 255 255
    END
END

OUTPUTFORMAT
  NAME PNG
  DRIVER "AGG/PNG"
  MIMETYPE "image/png"
  IMAGEMODE RGBA
  FORMATOPTION  INTERLACE=OFF
  TRANSPARENT ON
END

OUTPUTFORMAT
  NAME JPEG
  DRIVER "AGG/JPEG"
  MIMETYPE "image/jpeg"
  IMAGEMODE RGB
  EXTENSION "jpg"
  FORMATOPTION QUALITY=80 
END

OUTPUTFORMAT
  NAME "geojsonogr"
  DRIVER "OGR/GEOJSON"
  MIMETYPE "application/json; subtype=geojson; charset=utf-8"
  FORMATOPTION "FORM=simple"
END

OUTPUTFORMAT
  NAME "geojsontpl"
  DRIVER "TEMPLATE"
  MIMETYPE "application/json; subtype=geojson; charset=utf-8"
  FORMATOPTION "FILE=geoJSONTemplate.js"
END

#
# Start of legend
#
LEGEND
  KEYSIZE 18 12
  LABEL
    FONT arial_win
    TYPE TRUETYPE 
    ENCODING UTF-8
    SIZE 10
    COLOR 0 0 0
  END
END


#
# NUTS regions at 1 / 3 000 000 
#
LAYER  
	NAME nuts_0
	TYPE POLYGON
	STATUS ON 
  #DEBUG 5
  TEMPLATE "geoJSONTemplate.js"
  METADATA
    WMS_TITLE                   "Pays"
    WFS_TITLE                   "Pays"
    WMS_FEATURE_INFO_MIME_TYPE  "application/json"
    GML_FEATUREID               "gid" 
    GML_INCLUDE_ITEMS           "cell_id"
    GML_CELL_ID_ALIAS           "Code pays"  
  END
  DUMP TRUE
	CONNECTIONTYPE postgis
    PROCESSING "CLOSE_CONNECTION=DEFER" 
    CONNECTION "user=ogam password=ogam dbname=ogam host=localhost port=5432"
    DATA "the_geom FROM nuts_0 USING UNIQUE gid USING srid=3035"
	LABELITEM "cell_id"
	CLASS
	  NAME 'Pays'
	  OUTLINECOLOR 0 0 0      
    LABEL
			COLOR  255 0 0
			FONT arial_win
			TYPE truetype
			SIZE 8
			POSITION AUTO          
			PARTIALS FALSE
			BUFFER 5
			OUTLINECOLOR 255 255 255           
    END     
  END
  PROJECTION
		"init=epsg:3035"
	END
END

#
# Departements
#
LAYER  
	NAME departements
	TYPE POLYGON
	STATUS ON 
  METADATA
    WMS_TITLE             "Départements"
    WFS_TITLE             "Départements"
    GML_FEATUREID         "gid" 
    GML_INCLUDE_ITEMS     "nom_depart,dp,perimeter,area,nom_region,ra"
    GML_NOM_DEPART_ALIAS  "Département"
    GML_DP_ALIAS          "Code département"
    GML_PERIMETER_ALIAS   "Périmètre (m)"
    GML_AREA_ALIAS        "Surface (m2)"
    GML_NOM_REGION_ALIAS  "Région"
    GML_RA_ALIAS          "Code région"
  END
  DUMP TRUE
	CONNECTIONTYPE postgis
    PROCESSING "CLOSE_CONNECTION=DEFER" 
    CONNECTION "user=ogam password=ogam dbname=ogam host=localhost port=5432"
    DATA "the_geom FROM (
      SELECT st_transform(the_geom, 3035) as the_geom, nom_depart, dp, perimeter, area, nom_region,ra, gid as oid  
      FROM mapping.departements
    ) as foo USING UNIQUE oid USING srid=3035"
	CLASSITEM "dp"
	LABELITEM "dp"
	CLASS
    NAME 'Departements' #The use of accent is forbiden here
    OUTLINECOLOR 0 0 0      
    LABEL
			COLOR  255 0 0
			FONT arial_win
			TYPE truetype
			SIZE 8
			POSITION AUTO          
			PARTIALS FALSE
			BUFFER 5
			OUTLINECOLOR 255 255 255           
    END     
  END
  PROJECTION
		"init=epsg:3035"
	END
END

#
# Communes
#
LAYER  
	NAME communes
	TYPE POLYGON
	STATUS ON
  METADATA
    WMS_TITLE          "Communes"
    WFS_TITLE          "Communes"
    GML_FEATUREID      "gid" 
    GML_INCLUDE_ITEMS  "nom,code"
    GML_NOM_ALIAS      "Commune"
    GML_CODE_ALIAS     "Code INSEE" 
  END
  DUMP TRUE
	CONNECTIONTYPE postgis
  PROCESSING "CLOSE_CONNECTION=DEFER" 
  CONNECTION "user=ogam password=ogam dbname=ogam host=localhost port=5432"
  DATA "the_geom FROM (
    SELECT st_transform(the_geom, 3035) as the_geom, nom, code, oid  
    FROM mapping.communes
  ) as foo USING UNIQUE oid USING srid=3035"
	CLASSITEM "code"
	CLASS
    NAME 'Communes'
    OUTLINECOLOR 0 0 0       
  END
  PROJECTION
		"init=epsg:3035"
	END
END

#
# Result Vector layers
#

LAYER
  NAME "result_locations_point"
  GROUP result_locations  
  TRANSPARENCY 80
  TYPE POINT
  STATUS ON
  METADATA
  	WFS_TITLE		       "Résultats : localisations (POINT)"
  	GML_FEATUREID      "oid" 
  	GML_INCLUDE_ITEMS  "all"
  END
  DUMP TRUE 
  VALIDATION
    'SESSION_ID'     '^[a-zA-Z0-9\-]+$'
	END
  CONNECTIONTYPE postgis
  PROCESSING "CLOSE_CONNECTION=DEFER" 
  CONNECTION "user=ogam password=ogam dbname=ogam host=localhost port=5432"
  DATA "the_geom FROM (
    SELECT the_geom, oid FROM result_location
    WHERE GeometryType(the_geom) = 'POINT'
      AND session_id = '%SESSION_ID%'
      AND (format = 'LOCATION_DATA' OR format = 'HARMONIZED_LOCATION_DATA')
  ) as foo USING UNIQUE oid USING srid=3857"  
  SYMBOLSCALEDENOM 3000000
  CLASS
    NAME 'Resultats : localisations' #The use of accent is forbiden here
    STYLE
    	MINSIZE 3
      MAXSIZE 7
      COLOR 238 153 0
      OUTLINECOLOR 238 153 0
      SYMBOL "circle"
    END
  END
END

#
# Example of a layer configuration to display polygons
#
# LAYER
#   NAME "result_locations_polygon"
#   GROUP result_locations  
#   TRANSPARENCY 80
#   TYPE POLYGON
#   STATUS ON
#   METADATA
#     WFS_TITLE          "Résultats : localisation (POLYGONE)"
#     GML_FEATUREID      "oid" 
#     GML_INCLUDE_ITEMS  "all"  
#   END
#   DUMP TRUE 
#   VALIDATION
#     'SESSION_ID'     '^[a-zA-Z0-9\-]+$'
#   END
#   CONNECTIONTYPE postgis
#   PROCESSING "CLOSE_CONNECTION=DEFER" 
#   CONNECTION "user=ogam password=ogam dbname=ogam host=localhost port=5432"
#   DATA "the_geom FROM (
#     SELECT the_geom, oid FROM result_location
#     WHERE GeometryType(the_geom) = 'POLYGON'
#       AND session_id = '%SESSION_ID%'
#       AND (format = 'LOCATION_DATA' OR format = 'HARMONIZED_LOCATION_DATA')
#   ) as foo USING UNIQUE oid USING srid=3857"
#   SYMBOLSCALEDENOM 3000000
#   CLASS
#     NAME 'Resultats : localisations'  #The use of accent is forbiden here
#     STYLE
#       MINSIZE 3
#       COLOR 238 153 0
#       OUTLINECOLOR 238 153 0
#     END
#   END
# END

LAYER
  NAME "result_trees"
  TRANSPARENCY 80
  TYPE POINT
  STATUS ON
  METADATA
    WFS_TITLE          "Résultats : arbres"
    GML_FEATUREID      "oid" 
    GML_INCLUDE_ITEMS  "all"
  END
  DUMP TRUE
  VALIDATION
    'SESSION_ID'     '^[a-zA-Z0-9\-]+$'
  END
  CONNECTIONTYPE postgis
  PROCESSING "CLOSE_CONNECTION=DEFER" 
  CONNECTION "user=ogam password=ogam dbname=ogam host=localhost port=5432"
  DATA "the_geom FROM (
    SELECT the_geom, oid FROM result_location
    WHERE session_id = '%SESSION_ID%'
      AND (format = 'TREE_DATA' OR format = 'HARMONIZED_TREE_DATA')
  ) as foo USING UNIQUE oid USING srid=3857"
  SYMBOLSCALEDENOM 3000000
  CLASS
    NAME 'Resultats : arbres'  #The use of accent is forbiden here
    STYLE
      MINSIZE 3
      MAXSIZE 7
      COLOR 153 238 0
      OUTLINECOLOR 153 238 0
      SYMBOL "circle"
    END
  END
END 

#
# Vector layer for all features
# Note : The LAYER GROUP configuration doesn't work with the WFS service
#
LAYER
  NAME "all_locations_point"
  TRANSPARENCY 80
  TYPE POINT
  STATUS ON
  METADATA
    WMS_TITLE            "Toutes les localisations (POINT)"
    WFS_TITLE            "Toutes les localisations (POINT)"
    GML_FEATUREID        "oid" 
    GML_INCLUDE_ITEMS    "plot_code,lat,long"
    GML_PLOT_CODE_ALIAS  "Code"
    GML_LAT_ALIAS        "Latitude"
    GML_LONG_ALIAS       "Longitude"
	END
	DUMP TRUE
  CONNECTIONTYPE postgis
  PROCESSING "CLOSE_CONNECTION=DEFER" 
  CONNECTION "user=ogam password=ogam dbname=ogam host=localhost port=5432"
  DATA "the_geom FROM (
    SELECT st_transform(the_geom, 3857) as the_geom, plot_code, lat, long, plot_code as oid  
    FROM location
  ) as foo USING UNIQUE oid USING srid=3857"
  SYMBOLSCALEDENOM 3000000
  CLASS
    NAME 'Localisations'
    STYLE
    	MINSIZE 3
      COLOR 150 150 150
      OUTLINECOLOR 150 150 150
      SYMBOL "circle"
    END
  END
END

LAYER
  NAME "all_trees"
  TRANSPARENCY 80
  TYPE POINT
  STATUS ON
  METADATA
    WMS_TITLE            "Tous les arbres"
    WFS_TITLE            "Tous les arbres"
    GML_FEATUREID        "oid" 
    GML_INCLUDE_ITEMS    "plot_code,cycle,tree_id"
    GML_PLOT_CODE_ALIAS  "Code"
    GML_CYCLE_ALIAS      "Cycle"
    GML_TREE_ID_ALIAS    "Arbre"
  END
  DUMP TRUE
  CONNECTIONTYPE postgis
  PROCESSING "CLOSE_CONNECTION=DEFER" 
  CONNECTION "user=ogam password=ogam dbname=ogam host=localhost port=5432"
  DATA "the_geom FROM (
    SELECT st_transform(the_geom, 3857) as the_geom, plot_code, cycle, tree_id, plot_code || cycle || tree_id as oid
    FROM tree_data
  ) as foo USING UNIQUE oid USING srid=3857"
  SYMBOLSCALEDENOM 3000000
  CLASS
    NAME 'Arbres'
    STYLE
      MINSIZE 3
      COLOR 0 0 0
      OUTLINECOLOR 0 0 0
      SYMBOL "circle"
    END
  END
END 

#
# Vector layer for the details panel zoom in image
#

LAYER
  NAME "location_detail_zoom_in_point"
  GROUP location_detail_zoom_in
  TRANSPARENCY 100
  DEBUG 5
  STATUS ON
  TYPE POINT
  CONNECTIONTYPE postgis
  PROCESSING "CLOSE_CONNECTION=DEFER"
  CONNECTION "user=ogam password=ogam dbname=ogam host=localhost port=5432"
  DATA "the_geom FROM (
    SELECT st_transform(the_geom, 3857) as the_geom, provider_id || '_' || plot_code as oid, provider_id, plot_code
    FROM location
  ) as foo USING UNIQUE oid USING srid=3857"
  FILTER "provider_id = '%PROVIDER_ID%' and plot_code = '%PLOT_CODE%'"
  SYMBOLSCALEDENOM 3000000
  CLASS
    NAME 'Localisations'
    STYLE
      MINSIZE 3
      MAXSIZE 7
      COLOR 238 153 0
      OUTLINECOLOR 238 153 0
      SYMBOL "circle"
    END
  END
END

LAYER
  NAME "tree_detail_zoom_in"
  TRANSPARENCY 100
  DEBUG 5
  STATUS ON
  TYPE POINT
  CONNECTIONTYPE postgis
  PROCESSING "CLOSE_CONNECTION=DEFER"
  CONNECTION "user=ogam password=ogam dbname=ogam host=localhost port=5432"
  DATA "the_geom FROM (
    SELECT st_transform(the_geom, 3857) as the_geom, provider_id || plot_code || cycle || tree_id as oid, provider_id, plot_code, cycle, tree_id
    FROM tree_data
  ) as foo USING UNIQUE oid USING srid=3857"
  FILTER "provider_id = '%PROVIDER_ID%' and plot_code = '%PLOT_CODE%' and cycle = '%CYCLE%' and tree_id = '%TREE_ID%'"
  SYMBOLSCALEDENOM 3000000
  CLASS
    NAME 'Arbres'
    STYLE
      MINSIZE 3
      MAXSIZE 7
      COLOR 153 238 0
      OUTLINECOLOR 153 238 0
      SYMBOL "circle"
    END
  END
END

#
# Vector layer for the details panel zoom out image
#

LAYER
  NAME "location_detail_zoom_out_point"
  GROUP location_detail_zoom_out
  TRANSPARENCY 100
  DEBUG 5
  STATUS ON
  TYPE POINT
  CONNECTIONTYPE postgis
  PROCESSING "CLOSE_CONNECTION=DEFER"
  CONNECTION "user=ogam password=ogam dbname=ogam host=localhost port=5432"
  DATA "the_geom FROM (
    SELECT st_transform(the_geom, 3857) as the_geom, provider_id || '_' || plot_code as oid, provider_id, plot_code
    FROM location
  ) as foo USING UNIQUE oid USING srid=3857"
  FILTER "provider_id = '%PROVIDER_ID%' and plot_code = '%PLOT_CODE%'"
  CLASS
    NAME 'Localisations'
    STYLE
      SIZE 30
      WIDTH 2
      MAXSIZE 30
      MINSIZE 30
      OUTLINECOLOR 238 153 0
      SYMBOL "square"
    END 
  END
END

LAYER
  NAME "tree_detail_zoom_out"
  TRANSPARENCY 100
  DEBUG 5
  STATUS ON
  TYPE POINT
  CONNECTIONTYPE postgis
  PROCESSING "CLOSE_CONNECTION=DEFER"
  CONNECTION "user=ogam password=ogam dbname=ogam host=localhost port=5432"
  DATA "the_geom FROM (
    SELECT st_transform(the_geom, 3857) as the_geom, provider_id || plot_code || cycle || tree_id as oid, provider_id, plot_code, cycle, tree_id
    FROM tree_data
  ) as foo USING UNIQUE oid USING srid=3857"
  FILTER "provider_id = '%PROVIDER_ID%' and plot_code = '%PLOT_CODE%' and cycle = '%CYCLE%' and tree_id = '%TREE_ID%'"
  CLASS
    NAME 'Arbres'
    STYLE
      SIZE 30
      WIDTH 2
      MAXSIZE 30
      MINSIZE 30
      OUTLINECOLOR 153 238 0
      SYMBOL "square"
    END 
  END
END
END # Map File